# serializer version: 1
# name: test_state
  StateSnapshot({
    'attributes': ReadOnlyDict({
      'friendly_name': 'Outlet 1',
    }),
    'context': <ANY>,
    'entity_id': 'switch.outlet_1',
    'last_changed': <ANY>,
    'last_reported': <ANY>,
    'last_updated': <ANY>,
    'state': 'off',
  })
# ---
# name: test_state.1
  EntityRegistryEntrySnapshot({
    'aliases': set({
    }),
    'area_id': None,
    'capabilities': None,
    'config_entry_id': <ANY>,
    'device_class': None,
    'device_id': <ANY>,
    'disabled_by': None,
    'domain': 'switch',
    'entity_category': None,
    'entity_id': 'switch.outlet_1',
    'has_entity_name': True,
    'hidden_by': None,
    'icon': None,
    'id': <ANY>,
    'labels': set({
    }),
    'name': None,
    'options': dict({
    }),
    'original_device_class': None,
    'original_icon': None,
    'original_name': None,
    'platform': 'kitchen_sink',
    'previous_unique_id': None,
    'supported_features': 0,
    'translation_key': None,
    'unique_id': 'outlet_1',
    'unit_of_measurement': None,
  })
# ---
# name: test_state.2
  DeviceRegistryEntrySnapshot({
    'area_id': None,
    'config_entries': <ANY>,
    'configuration_url': None,
    'connections': set({
    }),
    'disabled_by': None,
    'entry_type': None,
    'hw_version': None,
    'id': <ANY>,
    'identifiers': set({
      tuple(
        'kitchen_sink',
        'outlet_1',
      ),
    }),
    'is_new': False,
    'labels': set({
    }),
    'manufacturer': None,
    'model': None,
    'model_id': None,
    'name': 'Outlet 1',
    'name_by_user': None,
    'primary_config_entry': <ANY>,
    'serial_number': None,
    'suggested_area': None,
    'sw_version': None,
    'via_device_id': <ANY>,
  })
# ---
# name: test_state.3
  DeviceRegistryEntrySnapshot({
    'area_id': None,
    'config_entries': <ANY>,
    'configuration_url': None,
    'connections': set({
    }),
    'disabled_by': None,
    'entry_type': None,
    'hw_version': None,
    'id': <ANY>,
    'identifiers': set({
      tuple(
        'kitchen_sink',
        '2_ch_power_strip',
      ),
    }),
    'is_new': False,
    'labels': set({
    }),
    'manufacturer': None,
    'model': None,
    'model_id': None,
    'name': 'Power strip with 2 sockets',
    'name_by_user': None,
    'primary_config_entry': <ANY>,
    'serial_number': None,
    'suggested_area': None,
    'sw_version': None,
    'via_device_id': None,
  })
# ---
# name: test_state.4
  StateSnapshot({
    'attributes': ReadOnlyDict({
      'friendly_name': 'Outlet 2',
    }),
    'context': <ANY>,
    'entity_id': 'switch.outlet_2',
    'last_changed': <ANY>,
    'last_reported': <ANY>,
    'last_updated': <ANY>,
    'state': 'on',
  })
# ---
# name: test_state.5
  EntityRegistryEntrySnapshot({
    'aliases': set({
    }),
    'area_id': None,
    'capabilities': None,
    'config_entry_id': <ANY>,
    'device_class': None,
    'device_id': <ANY>,
    'disabled_by': None,
    'domain': 'switch',
    'entity_category': None,
    'entity_id': 'switch.outlet_2',
    'has_entity_name': True,
    'hidden_by': None,
    'icon': None,
    'id': <ANY>,
    'labels': set({
    }),
    'name': None,
    'options': dict({
    }),
    'original_device_class': None,
    'original_icon': None,
    'original_name': None,
    'platform': 'kitchen_sink',
    'previous_unique_id': None,
    'supported_features': 0,
    'translation_key': None,
    'unique_id': 'outlet_2',
    'unit_of_measurement': None,
  })
# ---
# name: test_state.6
  DeviceRegistryEntrySnapshot({
    'area_id': None,
    'config_entries': <ANY>,
    'configuration_url': None,
    'connections': set({
    }),
    'disabled_by': None,
    'entry_type': None,
    'hw_version': None,
    'id': <ANY>,
    'identifiers': set({
      tuple(
        'kitchen_sink',
        'outlet_2',
      ),
    }),
    'is_new': False,
    'labels': set({
    }),
    'manufacturer': None,
    'model': None,
    'model_id': None,
    'name': 'Outlet 2',
    'name_by_user': None,
    'primary_config_entry': <ANY>,
    'serial_number': None,
    'suggested_area': None,
    'sw_version': None,
    'via_device_id': <ANY>,
  })
# ---
# name: test_state.7
  DeviceRegistryEntrySnapshot({
    'area_id': None,
    'config_entries': <ANY>,
    'configuration_url': None,
    'connections': set({
    }),
    'disabled_by': None,
    'entry_type': None,
    'hw_version': None,
    'id': <ANY>,
    'identifiers': set({
      tuple(
        'kitchen_sink',
        '2_ch_power_strip',
      ),
    }),
    'is_new': False,
    'labels': set({
    }),
    'manufacturer': None,
    'model': None,
    'model_id': None,
    'name': 'Power strip with 2 sockets',
    'name_by_user': None,
    'primary_config_entry': <ANY>,
    'serial_number': None,
    'suggested_area': None,
    'sw_version': None,
    'via_device_id': None,
  })
# ---
