# serializer version: 1
# name: test_buttons[button.sync_time-entry]
  EntityRegistryEntrySnapshot({
    'aliases': set({
    }),
    'area_id': None,
    'capabilities': None,
    'config_entry_id': <ANY>,
    'device_class': None,
    'device_id': <ANY>,
    'disabled_by': None,
    'domain': 'button',
    'entity_category': <EntityCategory.DIAGNOSTIC: 'diagnostic'>,
    'entity_id': 'button.sync_time',
    'has_entity_name': False,
    'hidden_by': None,
    'icon': None,
    'id': <ANY>,
    'labels': set({
    }),
    'name': None,
    'options': dict({
    }),
    'original_device_class': None,
    'original_icon': None,
    'original_name': 'Sync time',
    'platform': 'moehlenhoff_alpha2',
    'previous_unique_id': None,
    'supported_features': 0,
    'translation_key': None,
    'unique_id': '6fa019921cf8e7a3f57a3c2ed001a10d:sync_time',
    'unit_of_measurement': None,
  })
# ---
# name: test_buttons[button.sync_time-state]
  StateSnapshot({
    'attributes': ReadOnlyDict({
      'friendly_name': 'Sync time',
    }),
    'context': <ANY>,
    'entity_id': 'button.sync_time',
    'last_changed': <ANY>,
    'last_reported': <ANY>,
    'last_updated': <ANY>,
    'state': 'unknown',
  })
# ---
