# serializer version: 1
# name: test_diagnostics
  dict({
    'b4776778-7f6c-496e-951b-92a35d3db0dd': dict({
      'listUuid': 'b4776778-7f6c-496e-951b-92a35d3db0dd',
      'name': 'Baumarkt',
      'purchase': list([
        dict({
          'attributes': list([
            dict({
              'content': dict({
                'convenient': True,
                'discounted': True,
                'urgent': True,
              }),
              'type': 'PURCHASE_CONDITIONS',
            }),
          ]),
          'itemId': 'Paprika',
          'specification': 'Rot',
          'uuid': 'b5d0790b-5f32-4d5c-91da-e29066f167de',
        }),
        dict({
          'attributes': list([
            dict({
              'content': dict({
                'convenient': True,
                'discounted': True,
                'urgent': True,
              }),
              'type': 'PURCHASE_CONDITIONS',
            }),
          ]),
          'itemId': 'Pouletbrüstli',
          'specification': 'Bio',
          'uuid': '72d370ab-d8ca-4e41-b956-91df94795b4e',
        }),
      ]),
      'recently': list([
        dict({
          'attributes': list([
          ]),
          'itemId': 'Ananas',
          'specification': '',
          'uuid': 'fc8db30a-647e-4e6c-9d71-3b85d6a2d954',
        }),
      ]),
      'status': 'REGISTERED',
      'theme': 'ch.publisheria.bring.theme.home',
      'uuid': '77a151f8-77c4-47a3-8295-c750a0e69d4f',
    }),
    'e542eef6-dba7-4c31-a52c-29e6ab9d83a5': dict({
      'listUuid': 'e542eef6-dba7-4c31-a52c-29e6ab9d83a5',
      'name': 'Einkauf',
      'purchase': list([
        dict({
          'attributes': list([
            dict({
              'content': dict({
                'convenient': True,
                'discounted': True,
                'urgent': True,
              }),
              'type': 'PURCHASE_CONDITIONS',
            }),
          ]),
          'itemId': 'Paprika',
          'specification': 'Rot',
          'uuid': 'b5d0790b-5f32-4d5c-91da-e29066f167de',
        }),
        dict({
          'attributes': list([
            dict({
              'content': dict({
                'convenient': True,
                'discounted': True,
                'urgent': True,
              }),
              'type': 'PURCHASE_CONDITIONS',
            }),
          ]),
          'itemId': 'Pouletbrüstli',
          'specification': 'Bio',
          'uuid': '72d370ab-d8ca-4e41-b956-91df94795b4e',
        }),
      ]),
      'recently': list([
        dict({
          'attributes': list([
          ]),
          'itemId': 'Ananas',
          'specification': '',
          'uuid': 'fc8db30a-647e-4e6c-9d71-3b85d6a2d954',
        }),
      ]),
      'status': 'REGISTERED',
      'theme': 'ch.publisheria.bring.theme.home',
      'uuid': '77a151f8-77c4-47a3-8295-c750a0e69d4f',
    }),
  })
# ---
