# serializer version: 1
# name: test_adam_button_snapshot[platforms0][button.adam_reboot-entry]
  EntityRegistryEntrySnapshot({
    'aliases': set({
    }),
    'area_id': None,
    'capabilities': None,
    'config_entry_id': <ANY>,
    'config_subentry_id': <ANY>,
    'device_class': None,
    'device_id': <ANY>,
    'disabled_by': None,
    'domain': 'button',
    'entity_category': <EntityCategory.CONFIG: 'config'>,
    'entity_id': 'button.adam_reboot',
    'has_entity_name': True,
    'hidden_by': None,
    'icon': None,
    'id': <ANY>,
    'labels': set({
    }),
    'name': None,
    'options': dict({
    }),
    'original_device_class': <ButtonDeviceClass.RESTART: 'restart'>,
    'original_icon': None,
    'original_name': 'Reboot',
    'platform': 'plugwise',
    'previous_unique_id': None,
    'suggested_object_id': None,
    'supported_features': 0,
    'translation_key': 'reboot',
    'unique_id': 'fe799307f1624099878210aa0b9f1475-reboot',
    'unit_of_measurement': None,
  })
# ---
# name: test_adam_button_snapshot[platforms0][button.adam_reboot-state]
  StateSnapshot({
    'attributes': ReadOnlyDict({
      'device_class': 'restart',
      'friendly_name': 'Adam Reboot',
    }),
    'context': <ANY>,
    'entity_id': 'button.adam_reboot',
    'last_changed': <ANY>,
    'last_reported': <ANY>,
    'last_updated': <ANY>,
    'state': 'unknown',
  })
# ---
