# serializer version: 1
# name: test_all_entities[switch.mock_title_inverter_status-entry]
  EntityRegistryEntrySnapshot({
    'aliases': set({
    }),
    'area_id': None,
    'capabilities': None,
    'config_entry_id': <ANY>,
    'device_class': None,
    'device_id': <ANY>,
    'disabled_by': None,
    'domain': 'switch',
    'entity_category': None,
    'entity_id': 'switch.mock_title_inverter_status',
    'has_entity_name': True,
    'hidden_by': None,
    'icon': None,
    'id': <ANY>,
    'labels': set({
    }),
    'name': None,
    'options': dict({
    }),
    'original_device_class': <SwitchDeviceClass.SWITCH: 'switch'>,
    'original_icon': None,
    'original_name': 'Inverter status',
    'platform': 'apsystems',
    'previous_unique_id': None,
    'supported_features': 0,
    'translation_key': 'inverter_status',
    'unique_id': 'MY_SERIAL_NUMBER_inverter_status',
    'unit_of_measurement': None,
  })
# ---
# name: test_all_entities[switch.mock_title_inverter_status-state]
  StateSnapshot({
    'attributes': ReadOnlyDict({
      'device_class': 'switch',
      'friendly_name': 'Mock Title Inverter status',
    }),
    'context': <ANY>,
    'entity_id': 'switch.mock_title_inverter_status',
    'last_changed': <ANY>,
    'last_reported': <ANY>,
    'last_updated': <ANY>,
    'state': 'on',
  })
# ---
