# serializer version: 1
# name: test_all_entities[button.slide_bedroom_calibrate-entry]
  EntityRegistryEntrySnapshot({
    'aliases': set({
    }),
    'area_id': None,
    'capabilities': None,
    'config_entry_id': <ANY>,
    'device_class': None,
    'device_id': <ANY>,
    'disabled_by': None,
    'domain': 'button',
    'entity_category': <EntityCategory.CONFIG: 'config'>,
    'entity_id': 'button.slide_bedroom_calibrate',
    'has_entity_name': True,
    'hidden_by': None,
    'icon': None,
    'id': <ANY>,
    'labels': set({
    }),
    'name': None,
    'options': dict({
    }),
    'original_device_class': None,
    'original_icon': None,
    'original_name': 'Calibrate',
    'platform': 'slide_local',
    'previous_unique_id': None,
    'supported_features': 0,
    'translation_key': 'calibrate',
    'unique_id': '1234567890ab-calibrate',
    'unit_of_measurement': None,
  })
# ---
# name: test_all_entities[button.slide_bedroom_calibrate-state]
  StateSnapshot({
    'attributes': ReadOnlyDict({
      'friendly_name': 'slide bedroom Calibrate',
    }),
    'context': <ANY>,
    'entity_id': 'button.slide_bedroom_calibrate',
    'last_changed': <ANY>,
    'last_reported': <ANY>,
    'last_updated': <ANY>,
    'state': 'unknown',
  })
# ---
