# serializer version: 1
# name: test_all_entities[number.test_air_conditioner_schedule_turn_off-entry]
  EntityRegistryEntrySnapshot({
    'aliases': set({
    }),
    'area_id': None,
    'capabilities': dict({
      'max': 100.0,
      'min': 0.0,
      'mode': <NumberMode.BOX: 'box'>,
      'step': 1.0,
    }),
    'config_entry_id': <ANY>,
    'device_class': None,
    'device_id': <ANY>,
    'disabled_by': None,
    'domain': 'number',
    'entity_category': None,
    'entity_id': 'number.test_air_conditioner_schedule_turn_off',
    'has_entity_name': True,
    'hidden_by': None,
    'icon': None,
    'id': <ANY>,
    'labels': set({
    }),
    'name': None,
    'options': dict({
    }),
    'original_device_class': None,
    'original_icon': None,
    'original_name': 'Schedule turn-off',
    'platform': 'lg_thinq',
    'previous_unique_id': None,
    'supported_features': 0,
    'translation_key': <Property.RELATIVE_HOUR_TO_STOP: 'relative_hour_to_stop'>,
    'unique_id': 'MW2-2E247F93-B570-46A6-B827-920E9E10F966_relative_hour_to_stop',
    'unit_of_measurement': <UnitOfTime.HOURS: 'h'>,
  })
# ---
# name: test_all_entities[number.test_air_conditioner_schedule_turn_off-state]
  StateSnapshot({
    'attributes': ReadOnlyDict({
      'friendly_name': 'Test air conditioner Schedule turn-off',
      'max': 100.0,
      'min': 0.0,
      'mode': <NumberMode.BOX: 'box'>,
      'step': 1.0,
      'unit_of_measurement': <UnitOfTime.HOURS: 'h'>,
    }),
    'context': <ANY>,
    'entity_id': 'number.test_air_conditioner_schedule_turn_off',
    'last_changed': <ANY>,
    'last_reported': <ANY>,
    'last_updated': <ANY>,
    'state': 'unknown',
  })
# ---
# name: test_all_entities[number.test_air_conditioner_schedule_turn_on-entry]
  EntityRegistryEntrySnapshot({
    'aliases': set({
    }),
    'area_id': None,
    'capabilities': dict({
      'max': 100.0,
      'min': 0.0,
      'mode': <NumberMode.BOX: 'box'>,
      'step': 1.0,
    }),
    'config_entry_id': <ANY>,
    'device_class': None,
    'device_id': <ANY>,
    'disabled_by': None,
    'domain': 'number',
    'entity_category': None,
    'entity_id': 'number.test_air_conditioner_schedule_turn_on',
    'has_entity_name': True,
    'hidden_by': None,
    'icon': None,
    'id': <ANY>,
    'labels': set({
    }),
    'name': None,
    'options': dict({
    }),
    'original_device_class': None,
    'original_icon': None,
    'original_name': 'Schedule turn-on',
    'platform': 'lg_thinq',
    'previous_unique_id': None,
    'supported_features': 0,
    'translation_key': <Property.RELATIVE_HOUR_TO_START: 'relative_hour_to_start'>,
    'unique_id': 'MW2-2E247F93-B570-46A6-B827-920E9E10F966_relative_hour_to_start',
    'unit_of_measurement': <UnitOfTime.HOURS: 'h'>,
  })
# ---
# name: test_all_entities[number.test_air_conditioner_schedule_turn_on-state]
  StateSnapshot({
    'attributes': ReadOnlyDict({
      'friendly_name': 'Test air conditioner Schedule turn-on',
      'max': 100.0,
      'min': 0.0,
      'mode': <NumberMode.BOX: 'box'>,
      'step': 1.0,
      'unit_of_measurement': <UnitOfTime.HOURS: 'h'>,
    }),
    'context': <ANY>,
    'entity_id': 'number.test_air_conditioner_schedule_turn_on',
    'last_changed': <ANY>,
    'last_reported': <ANY>,
    'last_updated': <ANY>,
    'state': 'unknown',
  })
# ---
