# serializer version: 1
# name: test_locks[door_lock][lock.mock_door_lock_lock-entry]
  EntityRegistryEntrySnapshot({
    'aliases': set({
    }),
    'area_id': None,
    'capabilities': None,
    'config_entry_id': <ANY>,
    'device_class': None,
    'device_id': <ANY>,
    'disabled_by': None,
    'domain': 'lock',
    'entity_category': None,
    'entity_id': 'lock.mock_door_lock_lock',
    'has_entity_name': True,
    'hidden_by': None,
    'icon': None,
    'id': <ANY>,
    'labels': set({
    }),
    'name': None,
    'options': dict({
    }),
    'original_device_class': None,
    'original_icon': None,
    'original_name': 'Lock',
    'platform': 'matter',
    'previous_unique_id': None,
    'supported_features': 0,
    'translation_key': 'lock',
    'unique_id': '00000000000004D2-0000000000000001-MatterNodeDevice-1-MatterLock-257-0',
    'unit_of_measurement': None,
  })
# ---
# name: test_locks[door_lock][lock.mock_door_lock_lock-state]
  StateSnapshot({
    'attributes': ReadOnlyDict({
      'friendly_name': 'Mock Door Lock Lock',
      'supported_features': <LockEntityFeature: 0>,
    }),
    'context': <ANY>,
    'entity_id': 'lock.mock_door_lock_lock',
    'last_changed': <ANY>,
    'last_reported': <ANY>,
    'last_updated': <ANY>,
    'state': 'unlocked',
  })
# ---
# name: test_locks[door_lock_with_unbolt][lock.mock_door_lock_lock-entry]
  EntityRegistryEntrySnapshot({
    'aliases': set({
    }),
    'area_id': None,
    'capabilities': None,
    'config_entry_id': <ANY>,
    'device_class': None,
    'device_id': <ANY>,
    'disabled_by': None,
    'domain': 'lock',
    'entity_category': None,
    'entity_id': 'lock.mock_door_lock_lock',
    'has_entity_name': True,
    'hidden_by': None,
    'icon': None,
    'id': <ANY>,
    'labels': set({
    }),
    'name': None,
    'options': dict({
    }),
    'original_device_class': None,
    'original_icon': None,
    'original_name': 'Lock',
    'platform': 'matter',
    'previous_unique_id': None,
    'supported_features': <LockEntityFeature: 1>,
    'translation_key': 'lock',
    'unique_id': '00000000000004D2-0000000000000001-MatterNodeDevice-1-MatterLock-257-0',
    'unit_of_measurement': None,
  })
# ---
# name: test_locks[door_lock_with_unbolt][lock.mock_door_lock_lock-state]
  StateSnapshot({
    'attributes': ReadOnlyDict({
      'friendly_name': 'Mock Door Lock Lock',
      'supported_features': <LockEntityFeature: 1>,
    }),
    'context': <ANY>,
    'entity_id': 'lock.mock_door_lock_lock',
    'last_changed': <ANY>,
    'last_reported': <ANY>,
    'last_updated': <ANY>,
    'state': 'locked',
  })
# ---
