# serializer version: 1
# name: test_devices_in_dr[E1234567890000000001]
  DeviceRegistryEntrySnapshot({
    'area_id': None,
    'config_entries': <ANY>,
    'configuration_url': None,
    'connections': set({
    }),
    'disabled_by': None,
    'entry_type': None,
    'hw_version': None,
    'id': <ANY>,
    'identifiers': set({
      tuple(
        'ecovacs',
        'E1234567890000000001',
      ),
    }),
    'is_new': False,
    'labels': set({
    }),
    'manufacturer': 'Ecovacs',
    'model': 'DEEBOT OZMO 950 Series',
    'model_id': 'yna5xi',
    'name': 'Ozmo 950',
    'name_by_user': None,
    'primary_config_entry': <ANY>,
    'serial_number': 'E1234567890000000001',
    'suggested_area': None,
    'sw_version': None,
    'via_device_id': None,
  })
# ---
