# serializer version: 1
# name: test_binary_sensor
  ReadOnlyDict({
    'device_class': 'door',
    'friendly_name': 'Station Somewhere Street 1 Status',
    'latitude': 51.1,
    'longitude': 13.1,
  })
# ---
