# serializer version: 1
# name: test_fan[fan.fakespa_pump_1-entry]
  EntityRegistryEntrySnapshot({
    'aliases': set({
    }),
    'area_id': None,
    'capabilities': dict({
      'preset_modes': None,
    }),
    'config_entry_id': <ANY>,
    'device_class': None,
    'device_id': <ANY>,
    'disabled_by': None,
    'domain': 'fan',
    'entity_category': None,
    'entity_id': 'fan.fakespa_pump_1',
    'has_entity_name': True,
    'hidden_by': None,
    'icon': None,
    'id': <ANY>,
    'labels': set({
    }),
    'name': None,
    'options': dict({
    }),
    'original_device_class': None,
    'original_icon': None,
    'original_name': 'Pump 1',
    'platform': 'balboa',
    'previous_unique_id': None,
    'supported_features': <FanEntityFeature: 49>,
    'translation_key': 'pump',
    'unique_id': 'FakeSpa-Pump 1-c0ffee',
    'unit_of_measurement': None,
  })
# ---
# name: test_fan[fan.fakespa_pump_1-state]
  StateSnapshot({
    'attributes': ReadOnlyDict({
      'friendly_name': 'FakeSpa Pump 1',
      'percentage': 0,
      'percentage_step': 50.0,
      'preset_mode': None,
      'preset_modes': None,
      'supported_features': <FanEntityFeature: 49>,
    }),
    'context': <ANY>,
    'entity_id': 'fan.fakespa_pump_1',
    'last_changed': <ANY>,
    'last_reported': <ANY>,
    'last_updated': <ANY>,
    'state': 'off',
  })
# ---
