# serializer version: 1
# name: test_light_states[platforms0][light.hood_ambient_light-entry]
  EntityRegistryEntrySnapshot({
    'aliases': set({
    }),
    'area_id': None,
    'capabilities': dict({
      'supported_color_modes': list([
        <ColorMode.ONOFF: 'onoff'>,
      ]),
    }),
    'config_entry_id': <ANY>,
    'config_subentry_id': <ANY>,
    'device_class': None,
    'device_id': <ANY>,
    'disabled_by': None,
    'domain': 'light',
    'entity_category': None,
    'entity_id': 'light.hood_ambient_light',
    'has_entity_name': True,
    'hidden_by': None,
    'icon': None,
    'id': <ANY>,
    'labels': set({
    }),
    'name': None,
    'options': dict({
    }),
    'original_device_class': None,
    'original_icon': None,
    'original_name': 'Ambient light',
    'platform': 'miele',
    'previous_unique_id': None,
    'suggested_object_id': None,
    'supported_features': 0,
    'translation_key': 'ambient_light',
    'unique_id': 'DummyAppliance_18-ambient_light',
    'unit_of_measurement': None,
  })
# ---
# name: test_light_states[platforms0][light.hood_ambient_light-state]
  StateSnapshot({
    'attributes': ReadOnlyDict({
      'color_mode': None,
      'friendly_name': 'Hood Ambient light',
      'supported_color_modes': list([
        <ColorMode.ONOFF: 'onoff'>,
      ]),
      'supported_features': <LightEntityFeature: 0>,
    }),
    'context': <ANY>,
    'entity_id': 'light.hood_ambient_light',
    'last_changed': <ANY>,
    'last_reported': <ANY>,
    'last_updated': <ANY>,
    'state': 'off',
  })
# ---
# name: test_light_states[platforms0][light.hood_light-entry]
  EntityRegistryEntrySnapshot({
    'aliases': set({
    }),
    'area_id': None,
    'capabilities': dict({
      'supported_color_modes': list([
        <ColorMode.ONOFF: 'onoff'>,
      ]),
    }),
    'config_entry_id': <ANY>,
    'config_subentry_id': <ANY>,
    'device_class': None,
    'device_id': <ANY>,
    'disabled_by': None,
    'domain': 'light',
    'entity_category': None,
    'entity_id': 'light.hood_light',
    'has_entity_name': True,
    'hidden_by': None,
    'icon': None,
    'id': <ANY>,
    'labels': set({
    }),
    'name': None,
    'options': dict({
    }),
    'original_device_class': None,
    'original_icon': None,
    'original_name': 'Light',
    'platform': 'miele',
    'previous_unique_id': None,
    'suggested_object_id': None,
    'supported_features': 0,
    'translation_key': 'light',
    'unique_id': 'DummyAppliance_18-light',
    'unit_of_measurement': None,
  })
# ---
# name: test_light_states[platforms0][light.hood_light-state]
  StateSnapshot({
    'attributes': ReadOnlyDict({
      'color_mode': <ColorMode.ONOFF: 'onoff'>,
      'friendly_name': 'Hood Light',
      'supported_color_modes': list([
        <ColorMode.ONOFF: 'onoff'>,
      ]),
      'supported_features': <LightEntityFeature: 0>,
    }),
    'context': <ANY>,
    'entity_id': 'light.hood_light',
    'last_changed': <ANY>,
    'last_reported': <ANY>,
    'last_updated': <ANY>,
    'state': 'on',
  })
# ---
# name: test_light_states_api_push[platforms0][light.hood_ambient_light-entry]
  EntityRegistryEntrySnapshot({
    'aliases': set({
    }),
    'area_id': None,
    'capabilities': dict({
      'supported_color_modes': list([
        <ColorMode.ONOFF: 'onoff'>,
      ]),
    }),
    'config_entry_id': <ANY>,
    'config_subentry_id': <ANY>,
    'device_class': None,
    'device_id': <ANY>,
    'disabled_by': None,
    'domain': 'light',
    'entity_category': None,
    'entity_id': 'light.hood_ambient_light',
    'has_entity_name': True,
    'hidden_by': None,
    'icon': None,
    'id': <ANY>,
    'labels': set({
    }),
    'name': None,
    'options': dict({
    }),
    'original_device_class': None,
    'original_icon': None,
    'original_name': 'Ambient light',
    'platform': 'miele',
    'previous_unique_id': None,
    'suggested_object_id': None,
    'supported_features': 0,
    'translation_key': 'ambient_light',
    'unique_id': 'DummyAppliance_18-ambient_light',
    'unit_of_measurement': None,
  })
# ---
# name: test_light_states_api_push[platforms0][light.hood_ambient_light-state]
  StateSnapshot({
    'attributes': ReadOnlyDict({
      'color_mode': None,
      'friendly_name': 'Hood Ambient light',
      'supported_color_modes': list([
        <ColorMode.ONOFF: 'onoff'>,
      ]),
      'supported_features': <LightEntityFeature: 0>,
    }),
    'context': <ANY>,
    'entity_id': 'light.hood_ambient_light',
    'last_changed': <ANY>,
    'last_reported': <ANY>,
    'last_updated': <ANY>,
    'state': 'off',
  })
# ---
# name: test_light_states_api_push[platforms0][light.hood_light-entry]
  EntityRegistryEntrySnapshot({
    'aliases': set({
    }),
    'area_id': None,
    'capabilities': dict({
      'supported_color_modes': list([
        <ColorMode.ONOFF: 'onoff'>,
      ]),
    }),
    'config_entry_id': <ANY>,
    'config_subentry_id': <ANY>,
    'device_class': None,
    'device_id': <ANY>,
    'disabled_by': None,
    'domain': 'light',
    'entity_category': None,
    'entity_id': 'light.hood_light',
    'has_entity_name': True,
    'hidden_by': None,
    'icon': None,
    'id': <ANY>,
    'labels': set({
    }),
    'name': None,
    'options': dict({
    }),
    'original_device_class': None,
    'original_icon': None,
    'original_name': 'Light',
    'platform': 'miele',
    'previous_unique_id': None,
    'suggested_object_id': None,
    'supported_features': 0,
    'translation_key': 'light',
    'unique_id': 'DummyAppliance_18-light',
    'unit_of_measurement': None,
  })
# ---
# name: test_light_states_api_push[platforms0][light.hood_light-state]
  StateSnapshot({
    'attributes': ReadOnlyDict({
      'color_mode': <ColorMode.ONOFF: 'onoff'>,
      'friendly_name': 'Hood Light',
      'supported_color_modes': list([
        <ColorMode.ONOFF: 'onoff'>,
      ]),
      'supported_features': <LightEntityFeature: 0>,
    }),
    'context': <ANY>,
    'entity_id': 'light.hood_light',
    'last_changed': <ANY>,
    'last_reported': <ANY>,
    'last_updated': <ANY>,
    'state': 'on',
  })
# ---
